[04-Aug-2026 06:37:23 UTC] PHP Deprecated:  Constant E_STRICT is deprecated since 8.4, the error level was removed in /var/www/html/config/init.php on line 24
[04-Aug-2026 06:37:23 UTC] PHP Fatal error:  Cannot redeclare function dd() (previously declared in /var/www/html/inc/functions.php:3) in /var/www/html/inc/functions.php on line 3
Stack trace:
#0 /var/www/html/showcase/paiting/index.php(4): include()
#1 {main}
[04-Aug-2026 06:38:27 UTC] PHP Deprecated:  Constant E_STRICT is deprecated since 8.4, the error level was removed in /var/www/html/config/init.php on line 23
[04-Aug-2026 06:38:37 UTC] PHP Deprecated:  Constant E_STRICT is deprecated since 8.4, the error level was removed in /var/www/html/config/init.php on line 23
[04-Aug-2026 06:38:38 UTC] PHP Deprecated:  Constant E_STRICT is deprecated since 8.4, the error level was removed in /var/www/html/config/init.php on line 23
[04-Aug-2026 06:38:40 UTC] PHP Deprecated:  Constant E_STRICT is deprecated since 8.4, the error level was removed in /var/www/html/config/init.php on line 23
[04-Aug-2026 06:38:41 UTC] PHP Deprecated:  Constant E_STRICT is deprecated since 8.4, the error level was removed in /var/www/html/config/init.php on line 23
[04-Aug-2026 06:38:42 UTC] PHP Deprecated:  Constant E_STRICT is deprecated since 8.4, the error level was removed in /var/www/html/config/init.php on line 23
[04-Aug-2026 06:39:07 UTC] PHP Deprecated:  Constant E_STRICT is deprecated since 8.4, the error level was removed in /var/www/html/config/init.php on line 23
[04-Aug-2026 06:39:07 UTC] PHP Warning:  session_start(): Session cannot be started after headers have already been sent (sent from /var/www/html/config/init.php on line 25) in /var/www/html/config/init.php on line 29
[04-Aug-2026 06:39:07 UTC] PHP Warning:  Cannot modify header information - headers already sent by (output started at /var/www/html/config/init.php:25) in /var/www/html/inc/functions.php on line 12
[04-Aug-2026 06:39:12 UTC] PHP Deprecated:  Constant E_STRICT is deprecated since 8.4, the error level was removed in /var/www/html/config/init.php on line 23
[04-Aug-2026 06:39:12 UTC] PHP Warning:  session_start(): Session cannot be started after headers have already been sent (sent from /var/www/html/config/init.php on line 25) in /var/www/html/config/init.php on line 29
[04-Aug-2026 06:39:12 UTC] PHP Warning:  Cannot modify header information - headers already sent by (output started at /var/www/html/config/init.php:25) in /var/www/html/inc/functions.php on line 12
[04-Aug-2026 06:39:31 UTC] PHP Deprecated:  Constant E_STRICT is deprecated since 8.4, the error level was removed in /var/www/html/config/init.php on line 23
[04-Aug-2026 06:39:31 UTC] PHP Warning:  session_start(): Session cannot be started after headers have already been sent (sent from /var/www/html/config/init.php on line 25) in /var/www/html/config/init.php on line 29
[04-Aug-2026 06:39:31 UTC] PHP Warning:  Cannot modify header information - headers already sent by (output started at /var/www/html/config/init.php:25) in /var/www/html/inc/functions.php on line 12
[04-Aug-2026 06:39:35 UTC] PHP Deprecated:  Constant E_STRICT is deprecated since 8.4, the error level was removed in /var/www/html/config/init.php on line 23
[04-Aug-2026 06:39:35 UTC] PHP Warning:  session_start(): Session cannot be started after headers have already been sent (sent from /var/www/html/config/init.php on line 25) in /var/www/html/config/init.php on line 29
[04-Aug-2026 06:39:35 UTC] PHP Warning:  Cannot modify header information - headers already sent by (output started at /var/www/html/config/init.php:25) in /var/www/html/inc/functions.php on line 12
[04-Aug-2026 06:39:38 UTC] PHP Deprecated:  Constant E_STRICT is deprecated since 8.4, the error level was removed in /var/www/html/config/init.php on line 23
[04-Aug-2026 07:31:33 UTC] Файл успешно загружен: /var/www/html/uploads/paiting/img_6a719555aba91.jpg[04-Aug-2026 07:41:11 UTC] PHP Warning:  Undefined array key "id" in /var/www/html/auth/handler/authHandler.php on line 8
[04-Aug-2026 07:41:26 UTC] PHP Warning:  Undefined array key "id" in /var/www/html/auth/handler/authHandler.php on line 8
[04-Aug-2026 07:41:32 UTC] PHP Warning:  Undefined array key "id" in /var/www/html/auth/handler/authHandler.php on line 8
[04-Aug-2026 07:41:55 UTC] PHP Warning:  Undefined array key "id" in /var/www/html/auth/handler/authHandler.php on line 8
[04-Aug-2026 07:42:24 UTC] PHP Warning:  Undefined array key "id" in /var/www/html/auth/handler/authHandler.php on line 8
[04-Aug-2026 07:43:24 UTC] PHP Warning:  Undefined array key "id" in /var/www/html/auth/handler/authHandler.php on line 8
[04-Aug-2026 07:43:58 UTC] PHP Warning:  Undefined array key "id" in /var/www/html/auth/handler/authHandler.php on line 8
[04-Aug-2026 07:44:08 UTC] PHP Warning:  Undefined array key "id" in /var/www/html/auth/handler/authHandler.php on line 8
[04-Aug-2026 07:44:26 UTC] PHP Warning:  Undefined array key "id" in /var/www/html/auth/handler/authHandler.php on line 8
[04-Aug-2026 07:44:26 UTC] PHP Fatal error:  Uncaught TypeError: UserRepository::findByEmail(): Argument #1 ($email) must be of type string, null given, called in /var/www/html/auth/handler/authHandler.php on line 11 and defined in /var/www/html/app/Repository/UserRepository.php:19
Stack trace:
#0 /var/www/html/auth/handler/authHandler.php(11): UserRepository->findByEmail(NULL)
#1 {main}
  thrown in /var/www/html/app/Repository/UserRepository.php on line 19
[04-Aug-2026 11:00:52 UTC] PHP Warning:  Array to string conversion in /var/www/html/config/init.php on line 33
[04-Aug-2026 11:01:02 UTC] PHP Fatal error:  Uncaught Error: Call to undefined function dd() in /var/www/html/config/init.php:34
Stack trace:
#0 {main}
  thrown in /var/www/html/config/init.php on line 34
[07-Aug-2026 11:46:11 UTC] PHP Fatal error:  Uncaught PDOException: SQLSTATE[22007]: Invalid datetime format: 1366 Incorrect integer value: '' for column `artist_site`.`auth_attempts`.`is_success` at row 1 in /var/www/html/app/Repository/UserRepository.php:87
Stack trace:
#0 /var/www/html/app/Repository/UserRepository.php(87): PDOStatement->execute(Array)
#1 /var/www/html/auth/handler/authHandler.php(38): App\Repository\UserRepository->updateCounterAttempts('user@example.co...', '172.18.0.1', false)
#2 {main}
  thrown in /var/www/html/app/Repository/UserRepository.php on line 87
[07-Aug-2026 11:46:36 UTC] PHP Fatal error:  Uncaught PDOException: SQLSTATE[22007]: Invalid datetime format: 1366 Incorrect integer value: '' for column `artist_site`.`auth_attempts`.`is_success` at row 1 in /var/www/html/app/Repository/UserRepository.php:87
Stack trace:
#0 /var/www/html/app/Repository/UserRepository.php(87): PDOStatement->execute(Array)
#1 /var/www/html/auth/handler/authHandler.php(38): App\Repository\UserRepository->updateCounterAttempts('user@example.co...', '172.18.0.1', false)
#2 {main}
  thrown in /var/www/html/app/Repository/UserRepository.php on line 87
[07-Aug-2026 11:46:38 UTC] PHP Fatal error:  Uncaught PDOException: SQLSTATE[22007]: Invalid datetime format: 1366 Incorrect integer value: '' for column `artist_site`.`auth_attempts`.`is_success` at row 1 in /var/www/html/app/Repository/UserRepository.php:87
Stack trace:
#0 /var/www/html/app/Repository/UserRepository.php(87): PDOStatement->execute(Array)
#1 /var/www/html/auth/handler/authHandler.php(38): App\Repository\UserRepository->updateCounterAttempts('user@example.co...', '172.18.0.1', false)
#2 {main}
  thrown in /var/www/html/app/Repository/UserRepository.php on line 87
[07-Aug-2026 11:46:41 UTC] PHP Fatal error:  Uncaught PDOException: SQLSTATE[22007]: Invalid datetime format: 1366 Incorrect integer value: '' for column `artist_site`.`auth_attempts`.`is_success` at row 1 in /var/www/html/app/Repository/UserRepository.php:87
Stack trace:
#0 /var/www/html/app/Repository/UserRepository.php(87): PDOStatement->execute(Array)
#1 /var/www/html/auth/handler/authHandler.php(38): App\Repository\UserRepository->updateCounterAttempts('user@example.co...', '172.18.0.1', false)
#2 {main}
  thrown in /var/www/html/app/Repository/UserRepository.php on line 87
[07-Aug-2026 11:47:18 UTC] PHP Fatal error:  Uncaught PDOException: SQLSTATE[22007]: Invalid datetime format: 1366 Incorrect integer value: '' for column `artist_site`.`auth_attempts`.`is_success` at row 1 in /var/www/html/app/Repository/UserRepository.php:87
Stack trace:
#0 /var/www/html/app/Repository/UserRepository.php(87): PDOStatement->execute(Array)
#1 /var/www/html/auth/handler/authHandler.php(38): App\Repository\UserRepository->updateCounterAttempts('user@example.co...', '172.18.0.1', false)
#2 {main}
  thrown in /var/www/html/app/Repository/UserRepository.php on line 87
[07-Aug-2026 11:47:34 UTC] PHP Fatal error:  Uncaught PDOException: SQLSTATE[22007]: Invalid datetime format: 1366 Incorrect integer value: '' for column `artist_site`.`auth_attempts`.`is_success` at row 1 in /var/www/html/app/Repository/UserRepository.php:87
Stack trace:
#0 /var/www/html/app/Repository/UserRepository.php(87): PDOStatement->execute(Array)
#1 /var/www/html/auth/handler/authHandler.php(38): App\Repository\UserRepository->updateCounterAttempts('user@example.co...', '172.18.0.1')
#2 {main}
  thrown in /var/www/html/app/Repository/UserRepository.php on line 87
[07-Aug-2026 11:47:36 UTC] PHP Fatal error:  Uncaught PDOException: SQLSTATE[22007]: Invalid datetime format: 1366 Incorrect integer value: '' for column `artist_site`.`auth_attempts`.`is_success` at row 1 in /var/www/html/app/Repository/UserRepository.php:87
Stack trace:
#0 /var/www/html/app/Repository/UserRepository.php(87): PDOStatement->execute(Array)
#1 /var/www/html/auth/handler/authHandler.php(38): App\Repository\UserRepository->updateCounterAttempts('user@example.co...', '172.18.0.1')
#2 {main}
  thrown in /var/www/html/app/Repository/UserRepository.php on line 87
[07-Aug-2026 11:47:38 UTC] PHP Fatal error:  Uncaught PDOException: SQLSTATE[22007]: Invalid datetime format: 1366 Incorrect integer value: '' for column `artist_site`.`auth_attempts`.`is_success` at row 1 in /var/www/html/app/Repository/UserRepository.php:87
Stack trace:
#0 /var/www/html/app/Repository/UserRepository.php(87): PDOStatement->execute(Array)
#1 /var/www/html/auth/handler/authHandler.php(38): App\Repository\UserRepository->updateCounterAttempts('user@example.co...', '172.18.0.1')
#2 {main}
  thrown in /var/www/html/app/Repository/UserRepository.php on line 87
